// Jest Snapshot v1, https://goo.gl/fbAQLP

exports[`transliteration integrity symmetry between Latin and Cyrillic 1`] = `[]`;
