// Jest Snapshot v1, https://goo.gl/fbAQLP

exports[`pronoun reciprocal 532 1`] = `null`;
